Microchip MPLAB XC8 Compiler V2.40

Linker command line:

-W-3 \
  --edf=C:\Program Files\Microchip\xc8\v2.40\pic\dat\20220703182018_en.msgs \
  -cn -h+dist/pickit3/production\tp9-mef-cuad-Delellis777.production.sym \
  --cmf=dist/pickit3/production\tp9-mef-cuad-Delellis777.production.cmf -z \
  -Q16F887 -oC:\Users\Alumno\AppData\Local\Temp\xcAs1s4.4 \
  --defsym=__MPLAB_BUILD=1 --fixupoverflow=error \
  -Mdist/pickit3/production/tp9-mef-cuad-Delellis777.production.map \
  --md=C:\Users\Alumno\AppData\Local\Temp\xcAs1s4.dat -E1 -ver=XC8 Compiler \
  --acfsm=1493 -ACODE=00h-07FFhx4 -ASTRCODE=00h-01FFFh -ASTRING=00h-0FFhx32 \
  -ACONST=00h-0FFhx32 -AENTRY=00h-0FFhx32 -ACOMMON=070h-07Fh \
  -ABANK0=020h-06Fh -ABANK1=0A0h-0EFh -ABANK2=0110h-016Fh \
  -ABANK3=0190h-01EFh -ARAM=020h-06Fh,0A0h-0EFh,0110h-016Fh,0190h-01EFh \
  -AABS1=020h-07Fh,0A0h-0EFh,0110h-016Fh,0190h-01EFh -ASFR0=00h-01Fh \
  -ASFR1=080h-09Fh -ASFR2=0100h-010Fh -ASFR3=0180h-018Fh \
  -ACONFIG=02007h-02008h -DCONFIG=2 -AIDLOC=02000h-02003h -DIDLOC=2 \
  -AEEDATA=00h-0FFh/02100h -peeprom_data=EEDATA -DEEDATA=2 -DCODE=2 \
  -DSTRCODE=2 -DSTRING=2 -DCONST=2 -DENTRY=2 \
  -preset_vec=00h,intentry=04h,init,end_init -ppowerup=CODE -pcinit=CODE \
  -pfunctab=ENTRY -k C:\Users\Alumno\AppData\Local\Temp\xcAs1s4.o \
  dist/pickit3/production\tp9-mef-cuad-Delellis777.production.o 

Object code version is 3.11

Machine type is 16F887



                Name                               Link     Load   Length Selector   Space Scale
C:\Users\Alumno\AppData\Local\Temp\xcAs1s4.o
                end_init                              C        C        3        8       0
                reset_vec                             0        0        3        0       0
                config                             2007     2007        2        0       4
dist/pickit3/production\tp9-mef-cuad-Delellis777.production.o
                cinit                                 F        F        A        8       0
                intentry                              4        4        8        8       0
                config                             2007     2007        2        0       4
                text9                               179      179       14        8       0
                text8                               19D      19D        D      33A       0
                text7                               1AA      1AA        C      33A       0
                text6                               14E      14E       17        8       0
                text5                                19       19       ED        8       0
                text4                               1C0      1C0        7      33A       0
                text3                               1B6      1B6        A      33A       0
                text2                               165      165       14        8       0
                text1                               106      106       29        8       0
                maintext                            12F      12F       1F        8       0
                cstackBANK0                          20       20        3       20       1
                cstackCOMMON                         76       76        5       70       1
                bssCOMMON                            70       70        6       70       1
                strings                             18D      18D       10      31A       0

TOTAL           Name                               Link     Load   Length     Space
        CLASS   CODE           
                end_init                              C        C        3         0
                cinit                                 F        F        A         0
                intentry                              4        4        8         0
                reset_vec                             0        0        3         0
                text9                               179      179       14         0
                text8                               19D      19D        D         0
                text7                               1AA      1AA        C         0
                text6                               14E      14E       17         0
                text5                                19       19       ED         0
                text4                               1C0      1C0        7         0
                text3                               1B6      1B6        A         0
                text2                               165      165       14         0
                text1                               106      106       29         0
                maintext                            12F      12F       1F         0

        CLASS   STRCODE        

        CLASS   STRING         
                strings                             18D      18D       10         0

        CLASS   CONST          

        CLASS   ENTRY          

        CLASS   COMMON         
                cstackCOMMON                         76       76        5         1
                bssCOMMON                            70       70        6         1

        CLASS   BANK0          
                cstackBANK0                          20       20        3         1

        CLASS   BANK1          

        CLASS   BANK2          

        CLASS   BANK3          

        CLASS   RAM            

        CLASS   ABS1           
                abs_s1                               7E       7E        2         1

        CLASS   SFR0           

        CLASS   SFR1           

        CLASS   SFR2           

        CLASS   SFR3           

        CLASS   CONFIG         
                config                             2007     2007        2         4

        CLASS   IDLOC          

        CLASS   EEDATA         

        CLASS   STACK          



SEGMENTS        Name                           Load    Length   Top    Selector   Space  Class     Delta

                reset_vec                      000000  000003  000003         0       0  CODE        2
                intentry                       000004  000189  00018D         8       0  CODE        2
                cstackBANK0                    000020  000003  000023        20       1  BANK0       1
                bssCOMMON                      000070  00000B  00007B        70       1  COMMON      1
                strings                        00018D  000010  00019D       31A       0  STRING      2
                text8                          00019D  00002A  0001C7       33A       0  CODE        2


UNUSED ADDRESS RANGES

        Name                Unused          Largest block    Delta
        BANK0            0023-006F             4D           1
        BANK1            00A0-00EF             50           1
        BANK2            0110-016F             60           1
        BANK3            0190-01EF             60           1
        CODE             0003-0003              1           2
                         01C7-1FFF            800
        COMMON           007B-007D              3           1
        CONST            0003-0003              1           2
                         01C7-1FFF            100
        EEDATA           2100-21FF            100           2
        ENTRY            0003-0003              1           2
                         01C7-1FFF            100
        IDLOC            2000-2003              4           2
        RAM              0023-006F             4D           1
                         00A0-00EF             50
                         0110-016F             60
                         0190-01EF             60
        SFR0             0000-001F             20           1
        SFR1             0080-009F             20           1
        SFR2             0100-010F             10           1
        SFR3             0180-018F             10           1
        STRCODE          0003-0003              1           2
                         01C7-1FFF           1E39
        STRING           0003-0003              1           2
                         01C7-1FFF            100

                                  Symbol Table

?_tickRead                     cstackCOMMON 0079
_ANSEL                         (abs)        0188
_ANSELH                        (abs)        0189
_ActualizarMEF                 text5        0019
_BRGH                          (abs)        04C2
_CREN                          (abs)        00C4
_GIE                           (abs)        005F
_InicializarMEF                text7        01AA
_OPTION_REGbits                (abs)        0081
_PORTAbits                     (abs)        0005
_PORTBbits                     (abs)        0006
_PORTD                         (abs)        0008
_PORTEbits                     (abs)        0009
_PSA                           (abs)        040B
_RCIF                          (abs)        0065
_RCREG                         (abs)        001A
_SPBRG                         (abs)        0099
_SPEN                          (abs)        00C7
_SYNC                          (abs)        04C4
_T0CS                          (abs)        040D
_TMR0                          (abs)        0001
_TMR0IE                        (abs)        005D
_TMR0IF                        (abs)        005A
_TRISAbits                     (abs)        0085
_TRISBbits                     (abs)        0086
_TRISC6                        (abs)        043E
_TRISC7                        (abs)        043F
_TRISD                         (abs)        0088
_TRISEbits                     (abs)        0089
_TXEN                          (abs)        04C5
_TXIF                          (abs)        0064
_TXREG                         (abs)        0019
__Habs1                        abs1         0000
__Hbank0                       bank0        0000
__Hbank1                       bank1        0000
__Hbank2                       bank2        0000
__Hbank3                       bank3        0000
__HbssCOMMON                   bssCOMMON    0000
__Hcinit                       cinit        0019
__Hclrtext                     clrtext      0000
__Hcode                        code         0000
__Hcommon                      common       0000
__Hconfig                      config       2009
__HcstackBANK0                 cstackBANK0  0000
__HcstackCOMMON                cstackCOMMON 0000
__Heeprom_data                 eeprom_data  0000
__Hend_init                    end_init     000F
__Hfunctab                     functab      0000
__Hinit                        init         000C
__Hintentry                    intentry     000C
__Hmaintext                    maintext     0000
__Hpowerup                     powerup      0000
__Hram                         ram          0000
__Hreset_vec                   reset_vec    0003
__Hsfr0                        sfr0         0000
__Hsfr1                        sfr1         0000
__Hsfr2                        sfr2         0000
__Hsfr3                        sfr3         0000
__Hspace_0                     (abs)        01C7
__Hspace_1                     (abs)        007B
__Hspace_2                     (abs)        0000
__Hspace_3                     (abs)        0000
__Hspace_4                     (abs)        4010
__Hstack                       stack        0000
__Hstrings                     strings      0000
__Htext                        text         0000
__Labs1                        abs1         0000
__Lbank0                       bank0        0000
__Lbank1                       bank1        0000
__Lbank2                       bank2        0000
__Lbank3                       bank3        0000
__LbssCOMMON                   bssCOMMON    0000
__Lcinit                       cinit        000F
__Lclrtext                     clrtext      0000
__Lcode                        code         0000
__Lcommon                      common       0000
__Lconfig                      config       0000
__LcstackBANK0                 cstackBANK0  0000
__LcstackCOMMON                cstackCOMMON 0000
__Leeprom_data                 eeprom_data  0000
__Lend_init                    end_init     000C
__Lfunctab                     functab      0000
__Linit                        init         000C
__Lintentry                    intentry     0004
__Lmaintext                    maintext     0000
__Lpowerup                     powerup      0000
__Lram                         ram          0000
__Lreset_vec                   reset_vec    0000
__Lsfr0                        sfr0         0000
__Lsfr1                        sfr1         0000
__Lsfr2                        sfr2         0000
__Lsfr3                        sfr3         0000
__Lspace_0                     (abs)        0000
__Lspace_1                     (abs)        0000
__Lspace_2                     (abs)        0000
__Lspace_3                     (abs)        0000
__Lspace_4                     (abs)        0000
__Lstack                       stack        0000
__Lstrings                     strings      0000
__Ltext                        text         0000
__S0                           (abs)        01C7
__S1                           (abs)        007B
__S3                           (abs)        0000
___int_sp                      stack        0000
___latbits                     (abs)        0002
___sp                          stack        0000
___stackhi                     (abs)        0000
___stacklo                     (abs)        0000
__end_of_ActualizarMEF         text5        0106
__end_of_InicializarMEF        text7        01B6
__end_of__initialization       cinit        0015
__end_of__stringtab            strings      0193
__end_of_appInit               text1        012F
__end_of_displayWrite          text6        0165
__end_of_displaytInit          text4        01C7
__end_of_isr                   text9        018D
__end_of_main                  maintext     014E
__end_of_tickInit              text3        01C0
__end_of_tickRead              text8        01AA
__end_of_uartInit              text2        0179
__end_ofdisplayWrite@tabla7seg strings      019D
__initialization               cinit        000F
__pbssCOMMON                   bssCOMMON    0070
__pcstackBANK0                 cstackBANK0  0020
__pcstackCOMMON                cstackCOMMON 0076
__pintentry                    intentry     0004
__pmaintext                    maintext     012F
__pstrings                     strings      018D
__ptext1                       text1        0106
__ptext2                       text2        0165
__ptext3                       text3        01B6
__ptext4                       text4        01C0
__ptext5                       text5        0019
__ptext6                       text6        014E
__ptext7                       text7        01AA
__ptext8                       text8        019D
__ptext9                       text9        0179
__stringbase                   strings      0192
__stringtab                    strings      018D
_appInit                       text1        0106
_contador                      bssCOMMON    0074
_displayWrite                  text6        014E
_displaytInit                  text4        01C0
_estadoActual                  bssCOMMON    0075
_isr                           text9        0179
_main                          maintext     012F
_tInicio                       bssCOMMON    0070
_tickCounter                   bssCOMMON    0072
_tickInit                      text3        01B6
_tickRead                      text8        019D
_uartInit                      text2        0165
btemp                          (abs)        007E
displayWrite@tabla7seg         strings      0193
displayWrite@value             cstackCOMMON 0079
end_of_initialization          cinit        0015
interrupt_function             intentry     0004
intlevel0                      functab      0000
intlevel1                      functab      0000
intlevel2                      functab      0000
intlevel3                      functab      0000
intlevel4                      functab      0000
intlevel5                      functab      0000
reset_vec                      reset_vec    0000
saved_w                        (abs)        007E
start                          init         000C
start_initialization           cinit        000F
tickRead@aux                   cstackBANK0  0020
wtemp0                         (abs)        007E


MODULE INFORMATION

Module		Function		Class		Link	Load	Size
tick.c
		_tickRead      		CODE           	019D	0000	13
		_tickInit      		CODE           	01B6	0000	10

tick.c estimated size: 23

uart.c
		_uartInit      		CODE           	0165	0000	20

uart.c estimated size: 20

interrupts.c
		_isr           		CODE           	0179	0000	20

interrupts.c estimated size: 20

shared
		__stringtab    		STRING         	018D	0000	6
		__initialization		CODE           	000F	0000	6
		displayWrite@tabla7seg		STRING         	0193	0000	10

shared estimated size: 22

display.c
		_displayWrite  		CODE           	014E	0000	23
		_displaytInit  		CODE           	01C0	0000	7

display.c estimated size: 30

user.c
		_appInit       		CODE           	0106	0000	41

user.c estimated size: 41

main.c
		_ActualizarMEF 		CODE           	0019	0000	237
		_InicializarMEF		CODE           	01AA	0000	12
		_main          		CODE           	012F	0000	31

main.c estimated size: 280

